// Jest Snapshot v1, https://goo.gl/fbAQLP

exports[`Home page renders as required Home UI matches the snapshot 1`] = `
<div>
  <div />
  <footer
    className="footer"
  >
    **Data gathered from
     
    <a
      href="https://covid19tracking.narrativa.com/index_en.html"
    >
      Narrativa API
    </a>
  </footer>
</div>
`;
